-526
-692
763
308
-187
-25
125
713
107
-37
468
-608
-521
128
-469
-40
715
861
-974
240
-866
189
281
-30
236
875
-243
-733
114
213
