-948
899
931
-561
-464
-783
693
-647
596
-434
-263
99
65
-546
-880
567
639
-408
879
125
-178
-960
-864
-816
-683
-20
-189
477
-789
-379
