830
976
979
-597
414
983
927
-628
-581
281
388
794
104
-593
969
-358
-408
-660
786
-661
966
-559
584
-572
-990
784
991
-997
-730
-741
-89
264
265
-716
-853
632
560
-674
-203
568
776
876
-628
-428
-165
-557
497
-974
-490
175
-792
113
-221
-496
778
-40
-239
-769
-679
845
-894
329
-490
931
589
-47
721
-941
85
888
335
515
723
930
414
628
-266
519
-477
