705
910
-4
-262
869
342
695
-589
848
205
-907
948
-801
-404
631
300
435
-597
547
-808
432
-89
-488
648
-161
638
-259
-810
-313
-131
729
-820
404
249
645
357
-457
492
648
432
133
153
-605
-808
396
104
102
864
-153
786
494
-595
642
1
-442
-956
577
-346
-236
504
555
977
-37
201
357
-702
-1000
-925
-465
561
-7
-835
683
