-548
999
-899
-188
199
181
-874
940
193
284
291
-543
940
-747
158
693
-879
-131
128
-815
-508
-857
-144
-112
-824
-924
-561
39
863
-882
193
-252
-808
97
681
-852
-902
333
-192
-692
941
