725
210
-98
-332
-50
593
-939
228
-505
801
-611
-927
-879
-871
82
703
-970
276
-678
331
260
513
339
-73
975
-189
219
-915
299
420
823
658
103
-815
-710
-379
-86
-808
-619
624
257
289
-26
48
646
-622
-612
202
751
40
-75
-47
599
892
754
146
773
