-724
989
-134
353
-770
-92
938
-133
-814
-543
42
355
873
678
-876
881
-962
-822
725
634
-172
395
-310
677
406
51
-848
-592
676
180
-880
-570
855
-305
-668
-248
-99
-703
278
354
-997
143
-534
231
770
414
-58
659
317
-439
-12
-233
-978
-219
-708
-284
364
83
346
-450
