-295
-461
-197
-426
-272
450
-45
-308
-761
-510
-248
422
755
-699
395
648
801
-888
-966
-511
869
-677
-926
507
67
-977
