-394
440
283
226
-65
-49
-944
292
366
241
654
-685
829
-959
-481
234
958
-549
616
-955
-365
233
522
949
-710
365
-314
668
-382
-393
-980
-545
300
-513
-470
456
346
749
-162
-989
-86
-536
-147
-417
-16
-40
