-710
228
311
-30
758
924
38
-833
-161
-367
-859
308
465
807
-748
105
-323
-570
404
956
642
144
91
445
807
-691
-598
792
621
664
-714
-873
128
-719
-178
483
935
401
733
311
-350
643
27
760
-484
-141
528
669
-214
-491
-945
879
-775
-431
354
106
442
444
568
-643
-407
-252
967
-379
652
-152
