69
-336
-759
416
841
-481
-599
-459
816
-62
-395
-18
-626
11
286
2
949
-595
-510
-315
-81
354
-749
