-70
959
-986
-62
444
120
-786
10
282
-725
-717
-608
-201
-576
641
-780
497
180
116
586
-524
-168
953
304
621
-676
707
28
873
168
-388
348
-99
-189
746
547
-134
490
185
-797
-966
-152
-799
644
-850
502
773
-205
-67
110
-767
-586
884
-856
800
-588
264
165
-954
-363
837
-334
583
-780
709
-452
982
-330
-157
-467
-780
-466
218
-697
197
-408
83
-289
-195
-592
47
-753
65
833
607
-912
