307
889
-687
856
-84
477
228
-313
324
422
-720
-428
-385
264
320
636
-974
-886
-514
175
-551
722
759
-521
445
-453
-953
854
-759
277
-666
-475
413
-376
-420
565
420
-481
-611
-829
-807
-587
-929
-504
173
-578
-834
-171
7
723
649
60
285
-811
-125
-327
-313
395
860
280
-351
-591
-573
-157
-80
189
945
-29
-347
-744
-789
-847
-167
-158
-945
-654
854
173
-330
786
-793
853
739
301
380
-468
-691
852
802
569
611
405
