-241
-972
-994
614
-517
80
34
-625
49
972
654
-28
623
-558
727
-19
-424
300
-144
412
-144
