965
-449
-526
-837
821
623
-293
799
334
514
-754
437
-623
-85
255
-952
-504
