302
707
992
809
-788
74
-39
52
-266
123
-630
881
689
-354
279
935
627
973
49
-597
704
492
406
179
-746
758
205
-804
-132
156
-374
-929
-477
551
951
757
-914
-31
303
-376
785
906
-562
-969
727
727
898
573
