265
681
-187
-35
321
449
202
-388
549
-372
540
-706
56
-33
609
963
-159
676
-550
536
48
-431
-389
-135
380
113
-598
72
152
400
623
380
-165
605
-112
-551
-651
-85
-592
495
712
-141
110
244
878
-326
19
-825
-285
644
-540
335
-90
735
-788
-934
994
-962
-150
-196
-296
899
45
-823
-409
240
730
225
-292
-845
