-717
-836
38
-484
-362
796
-368
698
-736
-367
912
12
256
-772
986
833
151
308
-430
380
-805
158
-122
562
-427
376
152
649
-491
-952
-178
-862
806
96
-287
340
703
991
-178
878
87
227
671
724
860
-673
-852
-948
-504
909
69
-985
-55
-834
-726
313
-230
-187
-901
-474
1000
-570
693
338
273
-939
251
-408
654
