400
-492
-517
-132
113
-198
471
173
-732
243
-633
96
-73
-579
-565
-358
-219
-403
-366
303
789
205
-659
912
-208
639
-878
717
443
130
515
-478
-244
-875
640
-824
72
541
-683
590
-997
250
-290
-439
-803
-683
684
47
196
-807
-302
-373
956
-132
-868
943
954
-254
-204
806
-939
840
-531
727
-944
199
-269
