566
436
18
52
-748
-657
-198
-502
821
-190
650
548
-293
-202
3
694
-165
179
-841
111
-451
147
-254
-115
336
495
-449
-493
-639
284
29
-1000
-840
792
-418
617
862
880
641
964
-958
-881
