487
-852
-558
504
722
-423
775
-115
-933
203
606
-755
-879
195
271
415
340
-473
-657
-347
481
-694
-683
943
-101
-963
718
354
-490
599
-981
180
563
498
744
-215
-434
132
-420
413
835
183
-211
871
847
-660
-528
-320
