-295
-929
-407
985
683
280
931
-780
-355
963
-448
-807
205
-857
46
-771
-675
264
-421
723
-307
-850
-267
-333
372
415
568
-171
210
-225
298
420
-380
410
52
586
-680
-795
-982
164
-762
-540
-941
-407
-539
-223
-639
-762
765
436
109
65
