-178
-591
-641
-105
336
-279
-717
292
-421
840
169
805
916
-971
327
-458
-444
-512
723
-806
-309
430
-306
917
-403
122
429
-885
-737
946
-667
376
21
-729
-870
-133
-850
-943
-556
-34
-683
41
741
139
47
561
-554
-549
329
9
-780
346
789
652
978
-684
-661
-108
560
462
-606
34
921
624
-381
95
457
140
-730
-354
