-445
-94
865
-589
-784
433
-111
904
635
-455
-309
-535
-989
-119
705
317
414
625
-316
689
236
419
-869
971
899
874
-818
300
-122
244
829
236
-327
770
991
-860
-613
-545
-346
-289
-799
690
-289
-687
905
-826
140
385
-541
-351
102
-826
-325
987
570
-31
418
-504
824
305
-255
-455
752
