746
-985
427
-173
-432
-208
-263
352
200
-299
288
72
122
425
498
-51
982
122
-187
776
897
-477
131
705
-527
681
-497
-669
131
28
717
