-797
472
376
-487
699
-461
-938
-535
802
472
-732
-734
-744
-82
-588
-675
-846
870
392
559
-503
486
239
253
-648
-365
-399
777
-623
-930
-382
-725
592
366
604
-793
-874
-247
351
-229
351
133
-74
-850
544
-38
-563
2
-975
-786
187
785
-419
-142
260
646
-79
979
-467
795
649
-411
932
-277
-170
-80
-606
-916
-589
938
314
512
-579
-597
