108
-881
-630
-733
-521
-166
-141
-471
259
460
601
-635
280
286
678
558
-238
265
-348
-98
-303
728
511
-403
854
-393
-175
492
-739
-705
651
-113
-946
-309
-644
300
-813
410
29
830
-988
293
-315
-657
995
-325
-56
-170
-867
-265
-268
-5
-944
419
646
-343
-400
-344
857
658
-557
140
-628
