-591
186
167
177
-938
498
226
-646
-601
-428
248
412
-516
-127
244
-406
770
-371
-969
937
844
-52
-258
-299
837
-373
923
916
-186
263
-961
152
-83
117
-332
-839
471
-565
416
-672
323
208
949
-299
778
587
-962
62
-36
-33
-939
-749
771
-649
304
-467
968
-985
-670
-617
40
-650
-272
373
838
-366
-49
827
-513
668
987
-867
-646
