838
-784
-578
433
-3
-261
308
-117
-124
137
255
562
-534
-667
465
222
795
855
869
-932
992
-939
379
226
-440
-520
-328
-738
784
928
730
355
-545
-877
251
528
725
-372
286
692
-849
-405
-586
350
-846
-840
535
-209
-822
351
-9
-482
862
905
-398
-91
