-185
-534
300
784
888
-528
264
-250
336
181
-248
-283
413
-720
-745
687
404
633
-723
758
508
82
-674
-769
-474
-907
423
276
-31
342
-597
-460
-44
148
813
-853
-539
843
-107
309
691
-306
898
128
-93
82
-62
-92
-550
729
53
-411
-409
