-147
61
95
906
-461
297
-328
437
-836
644
283
-20
840
-692
-440
-500
834
-490
-703
-938
-553
-808
-872
-917
820
-238
243
480
636
787
-464
-867
492
273
821
-207
-797
-789
-575
672
30
485
901
546
919
353
883
420
-568
-365
-709
-599
-699
-414
-152
-869
-197
-156
-710
-99
656
122
146
-343
63
701
-104
161
-123
697
-49
-152
124
770
627
613
788
873
883
-329
-295
239
-864
-659
641
-804
-924
