-643
226
-651
428
-702
-190
469
12
160
419
-190
-784
919
955
730
413
-963
-959
-913
-317
881
466
-556
507
-884
160
-674
896
358
761
-586
128
-1000
-106
787
359
-478
-449
-519
-140
223
952
-682
-103
-533
684
937
-740
-910
53
411
-994
279
29
-429
-359
-651
-87
-431
892
73
-65
641
-96
-755
-281
-557
912
753
792
-628
-367
638
-753
-347
-768
776
55
