-796
-689
-176
878
288
358
-870
-950
-65
110
-321
-516
521
-213
608
242
842
208
-155
349
-985
-877
90
616
-319
-535
-382
735
-315
-830
-527
2
-103
721
541
-383
-424
-514
724
-144
-892
-392
860
-591
-203
945
-52
