997
-225
-36
426
889
-614
358
581
-180
334
812
-699
342
-931
843
-125
522
-473
785
495
361
893
-386
-804
