5
486
995
-775
-590
-940
-282
-865
-683
12
417
482
-497
-507
-667
220
-285
-104
