-733
272
-76
-704
-970
152
84
937
-653
-506
-203
-889
265
921
-550
901
-215
948
723
559
126
-950
-233
-179
91
-253
-245
-139
963
767
450
840
109
-194
