-35
-113
-932
870
562
-680
-467
392
-659
618
-633
662
688
984
-402
34
3
575
