865
-722
-529
-98
-342
735
221
783
921
631
-69
-23
-351
788
908
127
-619
481
175
-209
-285
-45
550
981
-960
-938
600
-910
-659
977
-87
682
-530
900
845
448
282
609
-27
-586
662
148
-383
-278
-686
-160
-889
676
-831
-368
-644
-613
-566
330
950
-900
-930
-225
-738
-819
-59
754
728
