802
-348
-621
-459
-678
-611
895
261
219
123
805
-723
335
288
235
457
-949
-15
451
490
600
587
560
-701
-940
130
-48
-850
114
-791
497
856
-753
-444
-770
441
-401
-723
-135
851
-586
-506
-976
-780
97
-403
407
82
23
-905
-695
-910
660
50
-911
-31
922
352
-743
-551
235
-324
486
833
824
-184
-43
76
-465
468
548
939
115
-693
246
-249
514
544
129
749
21
-58
-598
706
-348
354
68
-992
1
-924
587
871
-420
