-633
883
-972
519
-792
948
-887
-137
-76
642
468
846
84
368
10
598
789
441
246
-663
-480
592
211
-109
-158
255
-206
383
541
-251
-236
327
513
72
-350
-474
-185
624
-915
729
461
-584
-589
410
-223
559
-125
-124
-240
11
665
932
-717
-18
-399
-822
-193
-31
-828
831
-417
-189
-648
785
812
603
-873
-250
-574
-565
555
571
189
-1000
-58
-163
678
-804
35
769
808
-790
-225
673
477
682
-379
293
516
28
449
-858
574
-976
521
-350
715
139
-937
