-750
859
453
803
-329
444
112
320
-314
544
-425
-791
107
665
718
792
-613
511
