998
-519
-970
883
-639
-551
-593
800
-93
-494
940
848
-688
-877
-310
764
689
-49
-755
-665
-375
-715
-108
371
-338
-160
-96
-646
232
-713
409
-750
949
-542
-723
-50
404
-301
745
-984
426
573
78
-971
281
-622
848
-319
-612
994
