-916
-706
498
119
-848
-243
-442
0
-458
-372
675
985
819
180
-76
648
-274
815
299
-366
200
176
350
-15
-811
461
