947
774
380
-757
460
-661
597
382
522
-12
-158
489
-679
259
240
-674
190
766
-663
638
297
813
314
-947
765
-911
-873
-307
292
367
172
-841
700
716
-675
-35
70
167
-807
656
561
377
796
980
646
640
-456
205
621
143
126
156
57
