-79
778
-917
-538
775
367
-433
-962
585
970
118
-918
-286
292
612
-118
-233
662
-845
771
-433
414
-29
-385
971
366
-812
-730
-464
-673
702
318
725
-46
-158
-908
480
375
-563
633
-283
-70
886
965
-269
-108
523
-974
-109
-959
100
966
-439
708
218
-123
-375
949
-241
20
407
-966
738
-118
-381
-427
687
-746
-627
