-662
174
344
511
699
-38
56
-526
-203
341
-562
837
-971
-940
153
-833
913
601
-729
836
-749
-221
847
248
-119
-595
-240
899
-387
-282
210
87
85
409
-243
-951
-971
-374
-38
317
790
-263
399
-800
505
-773
-676
348
42
-481
219
-188
230
-633
271
-305
955
-198
-622
-634
-685
-235
-208
629
522
-426
-263
-777
328
288
-602
246
83
478
163
-909
-604
653
-434
291
-827
231
-974
650
-715
-942
11
939
-738
770
916
604
104
508
986
52
89
