-338
49
860
636
871
804
920
860
84
-291
719
410
-502
-350
-89
-11
114
-21
180
728
-977
654
32
-731
-435
-269
-306
-478
-822
-356
317
-166
-660
-956
815
430
-906
553
-302
674
-804
-579
892
-189
379
858
-356
