686
702
-606
-6
776
425
526
314
-906
-316
-377
583
-215
541
-985
824
620
597
589
-992
-261
556
443
653
342
-930
-186
-599
863
17
614
-868
139
389
673
491
-423
-31
990
-880
-144
-279
-912
702
177
