-353
-40
-821
586
387
82
467
939
-831
-307
161
740
-634
352
-55
-689
-565
397
764
-206
684
-235
614
847
623
-557
205
255
479
-137
-592
2
277
921
-817
103
434
401
87
-216
493
-486
-823
556
-728
-492
-529
-634
227
-591
-221
