-67
508
-836
-752
91
-775
638
38
-113
-284
499
-196
444
-643
578
949
-69
-59
